15:14:31 **** Incremental Build of configuration Debug for project Timers_Blink ****
make -j12 all 
arm-none-eabi-gcc "../Core/Src/main.c" -mcpu=cortex-m4 -std=gnu11 -g3 -DDEBUG -DUSE_HAL_DRIVER -DSTM32F412Zx -c -I../Core/Inc -I../Drivers/STM32F4xx_HAL_Driver/Inc -I../Drivers/STM32F4xx_HAL_Driver/Inc/Legacy -I../Drivers/CMSIS/Device/ST/STM32F4xx/Include -I../Drivers/CMSIS/Include -O0 -ffunction-sections -fdata-sections -Wall -fstack-usage -fcyclomatic-complexity -MMD -MP -MF"Core/Src/main.d" -MT"Core/Src/main.o" --specs=nano.specs -mfpu=fpv4-sp-d16 -mfloat-abi=hard -mthumb -o "Core/Src/main.o"
arm-none-eabi-gcc -o "Timers_Blink.elf" @"objects.list"   -mcpu=cortex-m4 -T"C:\Appl\personal_ws\GitHub\STM32_LED\Timers_Blink\STM32F412ZGTX_FLASH.ld" --specs=nosys.specs -Wl,-Map="Timers_Blink.map" -Wl,--gc-sections -static --specs=nano.specs -mfpu=fpv4-sp-d16 -mfloat-abi=hard -mthumb -Wl,--start-group -lc -lm -Wl,--end-group
Finished building target: Timers_Blink.elf
 
arm-none-eabi-size  Timers_Blink.elf 
arm-none-eabi-objdump -h -S Timers_Blink.elf  > "Timers_Blink.list"
   text	   data	    bss	    dec	    hex	filename
  15172	     12	   2964	  18148	   46e4	Timers_Blink.elf
Finished building: default.size.stdout
 
Finished building: Timers_Blink.list
 

15:14:32 Build Finished. 0 errors, 0 warnings. (took 1s.456ms)

